// Jest Snapshot v1, https://goo.gl/fbAQLP

exports[`renders a snapshot 1`] = `
<div
  className="App"
>
  <div
    className="card"
    style={
      Object {
        "width": "18rem",
      }
    }
  >
    <img
      alt="cat with sunglasses on"
      className="card-img-top"
      src="https://images.unsplash.com/photo-1533738363-b7f9aef128ce?q=80&w=1935&auto=format&fit=crop&ixlib=rb-4.0.3&ixid=M3wxMjA3fDB8MHxwaG90by1wYWdlfHx8fGVufDB8fHx8fA%3D%3D"
      width="300px"
    />
    <div
      className="card-body"
    >
      <div
        className="card-title h5"
      >
        Tudor Comaniciu
      </div>
      <p
        className="card-text"
      >
        Likes and Dislikes:
      </p>
      <button
        className="btn btn-primary"
        disabled={false}
        type="button"
      >
        Go somewhere
      </button>
    </div>
  </div>
</div>
`;